a,b
q0;q0,q0;q0,q1
q1;q1,q2;q1,q3
q2;q2,q3;q2,q3
q3
f:q3
i:q0
